.next/dev/types/validator.ts(188,39): error TS2307: Cannot find module '../../../src/app/(auth)/profile/page.js' or its corresponding type declarations.
